\BOOKMARK [1][-]{section.1}{\376\377\213\376\230\230\200\314\146\157\116\016\166\356\150\007}{}% 1
\BOOKMARK [2][-]{subsection.1.1}{\376\377\200\314\146\157}{section.1}% 2
\BOOKMARK [2][-]{subsection.1.2}{\376\377\117\134\116\032\211\201\154\102\144\130\211\201}{section.1}% 3
\BOOKMARK [2][-]{subsection.1.3}{\376\377\230\204\147\037\142\020\147\234\116\016\133\214\142\020\140\305\121\265}{section.1}% 4
\BOOKMARK [1][-]{section.2}{\376\377\140\073\117\123\147\266\147\204}{}% 5
\BOOKMARK [2][-]{subsection.2.1}{\376\377\135\114\121\145\000\040\000W\000a\000n\000P\000h\000y\000s\000\040\000f\000l\000u\000i\000d\000\137\000g\000r\000i\000d\000\040\150\106\147\266}{section.2}% 6
\BOOKMARK [2][-]{subsection.2.2}{\376\377\000N\000e\000w\000t\000o\000n\000\040\171\072\117\213\130\363\166\204\211\322\202\162}{section.2}% 7
\BOOKMARK [2][-]{subsection.2.3}{\376\377\150\070\137\303\174\173\116\016\123\125\153\145\155\101\172\013}{section.2}% 8
\BOOKMARK [1][-]{section.3}{\376\377\150\070\137\303\173\227\154\325}{}% 9
\BOOKMARK [2][-]{subsection.3.1}{\376\377\000D\0003\000Q\0001\0009\000\040\116\016\150\074\133\120\123\125\117\115}{section.3}% 10
\BOOKMARK [2][-]{subsection.3.2}{\376\377\000B\000G\000K\000\040\170\260\144\236}{section.3}% 11
\BOOKMARK [2][-]{subsection.3.3}{\376\377\000T\000R\000T\000\040\116\016\000\040\000M\000R\000T\377\010\142\151\134\125\377\011}{section.3}% 12
\BOOKMARK [2][-]{subsection.3.4}{\376\377\131\026\122\233\377\010\000G\000u\000o\000\040\173\200\123\026\377\011}{section.3}% 13
\BOOKMARK [1][-]{section.4}{\376\377\217\271\165\114\147\141\116\366}{}% 14
\BOOKMARK [2][-]{subsection.4.1}{\376\377\121\155\227\142\122\006\174\173\150\106\147\266}{section.4}% 15
\BOOKMARK [2][-]{subsection.4.2}{\376\377\230\166\166\326\232\161\122\250\145\271\201\124}{section.4}% 16
\BOOKMARK [2][-]{subsection.4.3}{\376\377\220\032\220\123\176\325\226\234}{section.4}% 17
\BOOKMARK [2][-]{subsection.4.4}{\376\377\135\362\167\345\000\040\000B\000C\000\040\177\072\226\167}{section.4}% 18
\BOOKMARK [1][-]{section.5}{\376\377\157\024\171\072\173\227\117\213}{}% 19
\BOOKMARK [2][-]{subsection.5.1}{\376\377\230\166\166\326\145\271\201\124}{section.5}% 20
\BOOKMARK [2][-]{subsection.5.2}{\376\377\201\124\117\123\176\325\226\234}{section.5}% 21
\BOOKMARK [2][-]{subsection.5.3}{\376\377\220\032\220\123\176\325\226\234}{section.5}% 22
\BOOKMARK [2][-]{subsection.5.4}{\376\377\000B\000G\000K\000\040\000/\000\040\000M\000R\000T\000\040\133\371\153\324}{section.5}% 23
\BOOKMARK [1][-]{section.6}{\376\377\232\214\213\301\116\016\155\113\213\325}{}% 24
\BOOKMARK [1][-]{section.7}{\376\377\116\015\215\263\116\016\124\016\176\355\135\345\117\134}{}% 25
\BOOKMARK [1][-]{section.8}{\376\377\176\323\213\272}{}% 26
\BOOKMARK [1][-]{section.A}{\376\377\136\070\165\050\177\026\213\321\116\016\217\320\210\114\124\175\116\344}{}% 27
\BOOKMARK [1][-]{section.B}{\376\377\123\302\200\003\145\207\163\056}{}% 28
